
> frame-web@0.1.0 build
> next build

Ôû▓ Next.js 16.1.6 (Turbopack)
- Environments: .env

  Creating an optimized production build ...
node.exe : Error: Can't 
resolve 'tailwindcss-animate' 
in 'C:\Users\maksut\Desktop\Fr
ame\frame-web\src\app'
At C:\Program 
Files\nodejs\npm.ps1:29 char:3
+   & $NODE_EXE $NPM_CLI_JS 
$args
+   
~~~~~~~~~~~~~~~~~~~~~~~~~~~~~
    + CategoryInfo          : 
    NotSpecified: (Error: Ca  
  n't re...me-web\src\app':   
 String) [], RemoteExcepti    
on
    + FullyQualifiedErrorId : 
    NativeCommandError
 
    [2m[at 
finishWithoutResolve (C:\Users
\maksut\Desktop\Frame\frame-we
b\node_modules\enhanced-resolv
e\lib\Resolver.js:586:18)][0m
    [2m[at C:\Users\maksut\De
sktop\Frame\frame-web\node_mod
ules\enhanced-resolve\lib\Reso
lver.js:678:14][0m
    [2m[at C:\Users\maksut\De
sktop\Frame\frame-web\node_mod
ules\enhanced-resolve\lib\Reso
lver.js:739:5][0m
    [2m[at eval (eval at 
create (C:\Users\maksut\Deskto
p\Frame\frame-web\node_modules
\tapable\lib\HookCodeFactory.j
s:31:10), 
<anonymous>:15:1)][0m
    [2m[at C:\Users\maksut\De
sktop\Frame\frame-web\node_mod
ules\enhanced-resolve\lib\Reso
lver.js:739:5][0m
    [2m[at eval (eval at 
create (C:\Users\maksut\Deskto
p\Frame\frame-web\node_modules
\tapable\lib\HookCodeFactory.j
s:31:10), 
<anonymous>:27:1)][0m
    [2m[at C:\Users\maksut\De
sktop\Frame\frame-web\node_mod
ules\enhanced-resolve\lib\Desc
riptionFilePlugin.js:89:43][0
m
    [2m[at C:\Users\maksut\De
sktop\Frame\frame-web\node_mod
ules\enhanced-resolve\lib\Reso
lver.js:739:5][0m
    [2m[at eval (eval at 
create (C:\Users\maksut\Deskto
p\Frame\frame-web\node_modules
\tapable\lib\HookCodeFactory.j
s:31:10), 
<anonymous>:15:1)][0m
    [2m[at C:\Users\maksut\De
sktop\Frame\frame-web\node_mod
ules\enhanced-resolve\lib\Reso
lver.js:739:5][0m {
  details: "resolve 
'tailwindcss-animate' in 'C:\\
Users\\maksut\\Desktop\\Frame\
\frame-web\\src\\app'\n" +
    '  Parsed request is a 
module\n' +
    '  using description 
file: C:\\Users\\maksut\\Deskt
op\\Frame\\frame-web\\package.
json (relative path: 
./src/app)\n' +
    '    resolve as module\n' 
+
    "      C:\\Users\\maksut\\
Desktop\\Frame\\frame-web\\src
\\app\\node_modules doesn't 
exist or is not a 
directory\n" +
    "      C:\\Users\\maksut\\
Desktop\\Frame\\frame-web\\src
\\node_modules doesn't exist 
or is not a directory\n" +
    '      looking for 
modules in C:\\Users\\maksut\\
Desktop\\Frame\\frame-web\\nod
e_modules\n' +
    '        single file 
module\n' +
    '          using 
description file: C:\\Users\\m
aksut\\Desktop\\Frame\\frame-w
eb\\package.json (relative 
path: ./node_modules/tailwindc
ss-animate)\n' +
    '            no 
extension\n' +
    "              C:\\Users\\
maksut\\Desktop\\Frame\\frame-
web\\node_modules\\tailwindcss
-animate doesn't exist\n" +
    '            .js\n' +
    "              C:\\Users\\
maksut\\Desktop\\Frame\\frame-
web\\node_modules\\tailwindcss
-animate.js doesn't exist\n" +
    '            .json\n' +
    "              C:\\Users\\
maksut\\Desktop\\Frame\\frame-
web\\node_modules\\tailwindcss
-animate.json doesn't 
exist\n" +
    '            .node\n' +
    "              C:\\Users\\
maksut\\Desktop\\Frame\\frame-
web\\node_modules\\tailwindcss
-animate.node doesn't 
exist\n" +
    '            .ts\n' +
    "              C:\\Users\\
maksut\\Desktop\\Frame\\frame-
web\\node_modules\\tailwindcss
-animate.ts doesn't exist\n" +
    "        C:\\Users\\maksut
\\Desktop\\Frame\\frame-web\\n
ode_modules\\tailwindcss-anima
te doesn't exist\n" +
    "      C:\\Users\\maksut\\
Desktop\\Frame\\node_modules 
doesn't exist or is not a 
directory\n" +
    "      C:\\Users\\maksut\\
Desktop\\node_modules doesn't 
exist or is not a 
directory\n" +
    '      looking for 
modules in C:\\Users\\maksut\\
node_modules\n' +
    '        single file 
module\n' +
    '          using 
description file: C:\\Users\\m
aksut\\package.json (relative 
path: ./node_modules/tailwindc
ss-animate)\n' +
    '            no 
extension\n' +
    "              C:\\Users\\
maksut\\node_modules\\tailwind
css-animate doesn't exist\n" +
    '            .js\n' +
    "              C:\\Users\\
maksut\\node_modules\\tailwind
css-animate.js doesn't 
exist\n" +
    '            .json\n' +
    "              C:\\Users\\
maksut\\node_modules\\tailwind
css-animate.json doesn't 
exist\n" +
    '            .node\n' +
    "              C:\\Users\\
maksut\\node_modules\\tailwind
css-animate.node doesn't 
exist\n" +
    '            .ts\n' +
    "              C:\\Users\\
maksut\\node_modules\\tailwind
css-animate.ts doesn't 
exist\n" +
    "        C:\\Users\\maksut
\\node_modules\\tailwindcss-an
imate doesn't exist\n" +
    "      
C:\\Users\\node_modules 
doesn't exist or is not a 
directory\n" +
    "      C:\\node_modules 
doesn't exist or is not a 
directory"
}

> Build error occurred
Error: Turbopack build failed 
with 1 errors:
./src/app/globals.css
Error evaluating Node.js code
CssSyntaxError: tailwindcss: C
:\Users\maksut\Desktop\Frame\f
rame-web\src\app\globals.css:1
:1: Can't resolve 
'tailwindcss-animate' in 'C:\U
sers\maksut\Desktop\Frame\fram
e-web\src\app'
    at Input.error (node_modul
es/postcss/lib/input.js:135:16
) [C:\Users\maksut\Desktop\Fra
me\frame-web\.next\build\chunk
s\node_modules_fe693df6._.js:4
651:22]
    at Root.error (node_module
s/postcss/lib/node.js:146:32) 
[C:\Users\maksut\Desktop\Frame
\frame-web\.next\build\chunks\
node_modules_fe693df6._.js:928
:38]
    [at Object.Once (C:\Users\
maksut\Desktop\Frame\frame-web
\node_modules\@tailwindcss\pos
tcss\dist\index.js:10:6913)]
    at async 
LazyResult.runAsync (node_modu
les/postcss/lib/lazy-result.js
:293:11) [C:\Users\maksut\Desk
top\Frame\frame-web\.next\buil
d\chunks\node_modules_fe693df6
._.js:6214:21]
    at async transform (turbop
ack:///[turbopack-node]/transf
orms/postcss.ts:70:34) [C:\Use
rs\maksut\Desktop\Frame\frame-
web\.next\build\chunks\[root-o
f-the-server]__51225daf._.js:1
46:36]
    at async run (turbopack://
/[turbopack-node]/ipc/evaluate
.ts:92:23) [C:\Users\maksut\De
sktop\Frame\frame-web\.next\bu
ild\chunks\[root-of-the-server
]__974941ed._.js:443:31]

Import trace:
  Client Component Browser:
    ./src/app/globals.css 
[Client Component Browser]
    ./src/app/layout.tsx 
[Server Component]


    at async transform (turbop
ack:///[turbopack-node]/transf
orms/postcss.ts:70:34) [C:\Use
rs\maksut\Desktop\Frame\frame-
web\.next\build\chunks\[root-o
f-the-server]__51225daf._.js:1
46:36])
    at async run (turbopack://
/[turbopack-node]/ipc/evaluate
.ts:92:23) [C:\Users\maksut\De
sktop\Frame\frame-web\.next\bu
ild\chunks\[root-of-the-server
]__974941ed._.js:443:31])
